gcc : mapa\mapa.c: 
In function 
'dibujarMundo':
At line:1 char:1
+ gcc -c mapa\mapa.c 
-o mapa.o 2>compile_e
rrors.txt; cat 
compile_errors ...
+ ~~~~~~~~~~~~~~~~~~~
~~~~~~~~~~~~~~~~~~~~~
~~~~~~~~~
    + CategoryInfo   
           : NotSpe  
  cified: (mapa\ma   
 pa.c: In functio    
n 'dibujarMundo'    
::String) [], Re    
moteException
    + FullyQualified 
   ErrorId : Native  
  CommandError
 
mapa\mapa.c:1364:23: 
warning: implicit 
declaration of 
function 
'GetTickCount64'; 
did you mean 
'GetTickCount'? [-Wim
plicit-function-decla
ration]
 1364 |     
ULONGLONG ahora = 
GetTickCount64();
      |              
         
^~~~~~~~~~~~~~
      |              
         GetTickCount
